MemTotal:       10000000 kB
MemFree:         8354652 kB
MemAvailable:    9000000 kB
Buffers:           78820 kB
Cached:           493152 kB
SwapCached:            0 kB
Active:           408952 kB
Inactive:         224352 kB
Active(anon):      53224 kB
Inactive(anon):      272 kB
Active(file):     355728 kB
Inactive(file):   224080 kB
Unevictable:           0 kB
Mlocked:               0 kB
SwapTotal:             0 kB
SwapFree:              0 kB
Dirty:                 0 kB
Writeback:             0 kB
AnonPages:         61332 kB
Mapped:            87592 kB
Shmem:               768 kB
Slab:             102312 kB
SReclaimable:      48072 kB
SUnreclaim:        54240 kB
KernelStack:        3840 kB
PageTables:         4808 kB
NFS_Unstable:          0 kB
Bounce:                0 kB
WritebackTmp:          0 kB
CommitLimit:     4587876 kB
Committed_AS:    1671068 kB
VmallocTotal:   34359738367 kB
VmallocUsed:           0 kB
VmallocChunk:          0 kB
HardwareCorrupted:     0 kB
AnonHugePages:         0 kB
ShmemHugePages:        0 kB
ShmemPmdMapped:        0 kB
CmaTotal:              0 kB
CmaFree:               0 kB
HugePages_Total:       0
HugePages_Free:        0
HugePages_Rsvd:        0
HugePages_Surp:        0
Hugepagesize:       2048 kB
DirectMap4k:      102272 kB
DirectMap2M:     4067328 kB
DirectMap1G:     5242880 kB